
> backend@1.0.0 build
> npx prisma generate && npx tsc

Environment variables loaded from .env
Prisma schema loaded from prisma\schema.prisma

Γ£ö Generated Prisma Client (v5.22.0) to .\generated\prisma in 84ms

Start by importing your Prisma Client (See: https://pris.ly/d/importing-client)

Tip: Interested in query caching in just a few lines of code? Try Accelerate today! https://pris.ly/tip-3-accelerate

src/controller/paymentController.ts(80,13): error TS18046: 'data' is of type 'unknown'.
src/controller/paymentController.ts(97,73): error TS18046: 'data' is of type 'unknown'.
